
White Advantage = 0.0
Draw Rate (eq.) = 50.0 %


players with no games = 0
players with all wins = 0
players w/ all losses = 0

   # PLAYER                :  RATING  ERROR  POINTS  PLAYED   (%)
   1 sturddle-2.5.1-rc5    :     5.7    2.5  5163.0   10000    52
   2 sturddle-2.5.0        :    -5.7    2.5  4837.0   10000    48

White advantage = 0.00 +/- 0.00
Draw rate (equal opponents) = 50.00 % +/- 0.00

